********************************************************************************
Obsolete PIO Core v6.1.18 is used (previous was 6.2.0)
Please remove multiple PIO Cores from a system:
https://docs.platformio.org/en/latest/core/installation/troubleshooting.html
********************************************************************************
Processing heltec-v4 (custom_meshtastic_hw_model: 110; custom_meshtastic_hw_model_slug: HELTEC_V4; custom_meshtastic_architecture: esp32-s3; custom_meshtastic_actively_supported: true; custom_meshtastic_support_level: 1; custom_meshtastic_display_name: Heltec V4; custom_meshtastic_images: heltec_v4.svg; custom_meshtastic_tags: Heltec; custom_meshtastic_requires_dfu: true; custom_meshtastic_partition_scheme: 16MB; custom_meshtastic_has_mui: true; extends: heltec_v4_base; board_level: release; build_flags: -Wno-missing-field-initializers, -Wno-format, -Isrc -Isrc/mesh -Isrc/mesh/generated -Isrc/gps -Isrc/buzz -Wl,-Map,"/home/gready/esp/Meshtastic_MDS_V2/firmware/.pio/build"/output.map, -DUSE_THREAD_NAMES, -DTINYGPS_OPTION_NO_CUSTOM_FIELDS, -DPB_ENABLE_MALLOC=1, -DPB_VALIDATE_UTF8=1, -DRADIOLIB_EXCLUDE_CC1101=1, -DRADIOLIB_EXCLUDE_NRF24=1, -DRADIOLIB_EXCLUDE_RF69=1, -DRADIOLIB_EXCLUDE_SX1231=1, -DRADIOLIB_EXCLUDE_SX1233=1, -DRADIOLIB_EXCLUDE_SI443X=1, -DRADIOLIB_EXCLUDE_RFM2X=1, -DRADIOLIB_EXCLUDE_AFSK=1, -DRADIOLIB_EXCLUDE_BELL=1, -DRADIOLIB_EXCLUDE_HELLSCHREIBER=1, -DRADIOLIB_EXCLUDE_MORSE=1, -DRADIOLIB_EXCLUDE_RTTY=1, -DRADIOLIB_EXCLUDE_SSTV=1, -DRADIOLIB_EXCLUDE_AX25=1, -DRADIOLIB_EXCLUDE_DIRECT_RECEIVE=1, -DRADIOLIB_EXCLUDE_BELL=1, -DRADIOLIB_EXCLUDE_PAGER=1, -DRADIOLIB_EXCLUDE_FSK4=1, -DRADIOLIB_EXCLUDE_APRS=1, -DRADIOLIB_EXCLUDE_ADSB=1, -DRADIOLIB_EXCLUDE_LORAWAN=1, -DMESHTASTIC_EXCLUDE_DROPZONE=1, -DMESHTASTIC_EXCLUDE_REPLYBOT=1, -DMESHTASTIC_EXCLUDE_RANGETEST=1, -DMESHTASTIC_EXCLUDE_REMOTEHARDWARE=0, -DMESHTASTIC_EXCLUDE_HEALTH_TELEMETRY=1, -DMESHTASTIC_EXCLUDE_POWERSTRESS=1, -DMESHTASTIC_EXCLUDE_GENERIC_THREAD_MODULE=1, -DMESHTASTIC_EXCLUDE_POWERMON=1, -D MAX_THREADS=40 -Os, -std=gnu++17, -Wall, -Wextra, -Isrc/platform/esp32, -std=gnu++17, -DLOG_LOCAL_LEVEL=ESP_LOG_DEBUG, -DCORE_DEBUG_LEVEL=ARDUHAL_LOG_LEVEL_INFO, -DMYNEWT_VAL_BLE_HS_LOG_LVL=LOG_LEVEL_CRITICAL, -DAXP_DEBUG_PORT=Serial, -DESP_OPENSSL_SUPPRESS_LEGACY_WARNING, -DSERIAL_BUFFER_SIZE=4096, -DSERIAL_HAS_ON_RECEIVE, -DLIBPAX_ARDUINO, -DLIBPAX_WIFI, -DLIBPAX_BLE, -DHAS_UDP_MULTICAST=1, -DCAN_GET_I2C_CLOCK, -mtext-section-literals, -D HELTEC_V4, -D HAS_LORA_FEM=1, -I variants/esp32s3/heltec_v4, -D HELTEC_V4_OLED, -D USE_SSD1306, -D LED_POWER=35, -D RESET_OLED=21, -D I2C_SDA=17, -D I2C_SCL=18, -D I2C_SDA1=4, -D I2C_SCL1=3; board: heltec_v4; board_build.partitions: default_16MB.csv; custom_esp32_kind: esp32s3; monitor_speed: 115200; custom_sdkconfig: 

'# CONFIG_BT_NIMBLE_LOG_LEVEL_INFO is not set'
CONFIG_BT_NIMBLE_LOG_LEVEL_ERROR=y
CONFIG_LOG_COLORS=y
CONFIG_ARDUHAL_LOG_COLORS=y
CONFIG_BOOTLOADER_LOG_LEVEL_NONE=y
CONFIG_IDF_EXPERIMENTAL_FEATURES=y
CONFIG_COMPILER_OPTIMIZATION_ASSERTIONS_ENABLE=n
CONFIG_COMPILER_OPTIMIZATION_ASSERTIONS_DISABLE=y
CONFIG_COMPILER_CXX_EXCEPTIONS=n
CONFIG_COMPILER_STACK_CHECK_MODE_NORM=n
CONFIG_COMPILER_STACK_CHECK_MODE_NONE=y
CONFIG_COMPILER_DISABLE_GCC12_WARNINGS=y
CONFIG_COMPILER_DISABLE_GCC13_WARNINGS=y
CONFIG_COMPILER_DISABLE_GCC14_WARNINGS=y
CONFIG_COMPILER_ORPHAN_SECTIONS_WARNING=n
CONFIG_COMPILER_ORPHAN_SECTIONS_PLACE=y
CONFIG_ESP_GDBSTUB_ENABLED=n
CONFIG_ESP_TASK_WDT_INIT=n
CONFIG_NEWLIB_NANO_FORMAT=y
CONFIG_ESP_COREDUMP_ENABLE=n
CONFIG_ESP_COREDUMP_ENABLE_TO_FLASH=n
CONFIG_ESP_COREDUMP_ENABLE_TO_NONE=y
CONFIG_ESP32_ENABLE_COREDUMP=n
CONFIG_FREERTOS_GENERATE_RUN_TIME_STATS=n
CONFIG_FREERTOS_USE_STATS_FORMATTING_FUNCTIONS=n
CONFIG_FREERTOS_USE_TRACE_FACILITY=n
CONFIG_FREERTOS_PLACE_FUNCTIONS_INTO_FLASH=y
CONFIG_FREERTOS_PLACE_SNAPSHOT_FUNS_INTO_FLASH=y
CONFIG_RINGBUF_PLACE_FUNCTIONS_INTO_FLASH=y
CONFIG_ESP_SYSTEM_ESP32_SRAM1_REGION_AS_IRAM=y
CONFIG_ESP_WIFI_IRAM_OPT=n
CONFIG_ESP32_WIFI_RX_IRAM_OPT=n
CONFIG_SPIRAM_CACHE_LIBCHAR_IN_IRAM=n
CONFIG_SPIRAM_CACHE_LIBSTR_IN_IRAM=n
CONFIG_SPIRAM_CACHE_LIBMISC_IN_IRAM=n
CONFIG_SPIRAM_CACHE_LIBTIME_IN_IRAM=n
CONFIG_UNITY_ENABLE_FLOAT=n
CONFIG_UNITY_ENABLE_DOUBLE=n
CONFIG_UNITY_ENABLE_IDF_TEST_RUNNER=n
CONFIG_SUPPORT_TERMIOS=n
CONFIG_VFS_SUPPORT_TERMIOS=n
CONFIG_VFS_SUPPORT_SELECT=n
CONFIG_VFS_SUPPRESS_SELECT_DEBUG_OUTPUT=n
CONFIG_WS_TRANSPORT=n
CONFIG_PPP_SUPPORT=n
CONFIG_NETWORK_PROV_NETWORK_TYPE_WIFI=n
CONFIG_LWIP_PPP_SUPPORT=n
CONFIG_LWIP_IP_FORWARD=n
CONFIG_LWIP_IPV4_NAPT=n
CONFIG_MBEDTLS_SSL_MAX_CONTENT_LEN=16384
CONFIG_MBEDTLS_CERTIFICATE_BUNDLE_DEFAULT_FULL=n
CONFIG_MBEDTLS_CERTIFICATE_BUNDLE_DEFAULT_CMN=y
CONFIG_MBEDTLS_CERTIFICATE_BUNDLE_MAX_CERTS=1
CONFIG_MBEDTLS_ALLOW_WEAK_CERTIFICATE_VERIFICATION=y
CONFIG_MBEDTLS_SSL_RENEGOTIATION=y
CONFIG_MBEDTLS_SSL_PROTO_DTLS=y
CONFIG_MBEDTLS_CLIENT_SSL_SESSION_TICKETS=y
CONFIG_MBEDTLS_SERVER_SSL_SESSION_TICKETS=y
CONFIG_MBEDTLS_SSL_KEEP_PEER_CERTIFICATE=y
CONFIG_MBEDTLS_SSL_ALPN=y
CONFIG_MBEDTLS_PKCS7_C=n
CONFIG_MBEDTLS_CAMELLIA_C=n
CONFIG_MBEDTLS_CCM_C=n
CONFIG_MBEDTLS_CMAC_C=n
CONFIG_MBEDTLS_SHA512_C=y
CONFIG_MBEDTLS_X509_CRL_PARSE_C=n
CONFIG_MBEDTLS_X509_CSR_PARSE_C=n
CONFIG_MBEDTLS_KEY_EXCHANGE_ECDHE_PSK=n
CONFIG_MBEDTLS_KEY_EXCHANGE_ECDH_ECDSA=n
CONFIG_MBEDTLS_KEY_EXCHANGE_ECDH_RSA=n
CONFIG_MBEDTLS_KEY_EXCHANGE_ECJPAKE=n
CONFIG_MBEDTLS_ECP_DP_SECP192R1_ENABLED=n
CONFIG_MBEDTLS_ECP_DP_SECP224R1_ENABLED=n
CONFIG_MBEDTLS_ECP_DP_SECP384R1_ENABLED=y
CONFIG_MBEDTLS_ECP_DP_SECP521R1_ENABLED=n
CONFIG_MBEDTLS_ECP_DP_SECP192K1_ENABLED=n
CONFIG_MBEDTLS_ECP_DP_SECP224K1_ENABLED=n
CONFIG_MBEDTLS_ECP_DP_SECP256K1_ENABLED=n
CONFIG_MBEDTLS_ECP_DP_BP256R1_ENABLED=n
CONFIG_MBEDTLS_ECP_DP_BP384R1_ENABLED=n
CONFIG_MBEDTLS_ECP_DP_BP512R1_ENABLED=n
CONFIG_MDNS_ENABLE_CONSOLE_CLI=n
CONFIG_MDNS_PREDEF_NETIF_AP=n
CONFIG_ESP_WIFI_ENTERPRISE_SUPPORT=n
CONFIG_ESP_WIFI_ENABLE_WPA3_SAE=n
CONFIG_ESP_WIFI_ENABLE_WPA3_OWE_STA=n
CONFIG_ESP_WIFI_ENABLE_SAE_H2E=n
CONFIG_OPENTHREAD_ENABLED=n
CONFIG_ZB_ENABLED=n
CONFIG_IEEE802154_ENABLED=n
CONFIG_ESP_INSIGHTS_ENABLED=n
CONFIG_HTTPD_WS_SUPPORT=n
CONFIG_ESP_HTTP_CLIENT_ENABLE_HTTPS=n
CONFIG_ESP_HTTP_CLIENT_ENABLE_BASIC_AUTH=n
CONFIG_ESP_HTTPS_SERVER_ENABLE=n
CONFIG_MQTT_TRANSPORT_SSL=n
CONFIG_MQTT_TRANSPORT_WEBSOCKET=n
CONFIG_MQTT_TRANSPORT_WEBSOCKET_SECURE=n
CONFIG_MQTT_PROTOCOL_311=n
CONFIG_ETH_ENABLED=n
CONFIG_ARDUINO_SELECTIVE_Ethernet=n
CONFIG_BLE_MESH=n
CONFIG_BT_ENABLED=y
CONFIG_BTDM_CTRL_MODE_BLE_ONLY=y
CONFIG_BT_BLUEDROID_ENABLED=n
CONFIG_BT_NIMBLE_ENABLED=y
CONFIG_BT_NIMBLE_NVS_PERSIST=y
CONFIG_BT_NIMBLE_ROLE_CENTRAL=n
CONFIG_BT_NIMBLE_ROLE_OBSERVER=n
CONFIG_BT_CONTROLLER_ENABLED=y
CONFIG_BT_NIMBLE_HOST_TASK_STACK_SIZE=5120
CONFIG_BT_NIMBLE_MAX_CCCDS=8
CONFIG_BT_NIMBLE_MAX_BONDS=6
CONFIG_BT_NIMBLE_MAX_CONNECTIONS=1
CONFIG_BT_CTRL_BLE_MAX_ACT=2
CONFIG_BT_CTRL_SCAN_DUPL_CACHE_SIZE=10
CONFIG_BT_NIMBLE_WHITELIST_SIZE=1
CONFIG_BT_NIMBLE_MSYS_1_BLOCK_COUNT=12
CONFIG_BT_NIMBLE_MSYS_2_BLOCK_COUNT=8
CONFIG_BT_NIMBLE_TRANSPORT_ACL_FROM_LL_COUNT=8
CONFIG_BT_NIMBLE_TRANSPORT_EVT_COUNT=12
CONFIG_BT_NIMBLE_ENABLE_PERIODIC_SYNC=n
CONFIG_BT_NIMBLE_ENABLE_PERIODIC_ADV=n
CONFIG_BT_NIMBLE_EXT_SCAN=n
CONFIG_BT_NIMBLE_EXT_ADV=n
CONFIG_BT_NIMBLE_PERIODIC_ADV_SYNC_TRANSFER=n
CONFIG_BT_NIMBLE_LL_CFG_FEAT_LE_2M_PHY=n
CONFIG_BT_NIMBLE_BLUFI_ENABLE=n
CONFIG_BT_NIMBLE_PROX_SERVICE=n
CONFIG_BT_NIMBLE_ANS_SERVICE=n
CONFIG_BT_NIMBLE_CTS_SERVICE=n
CONFIG_BT_NIMBLE_HTP_SERVICE=n
CONFIG_BT_NIMBLE_IPSS_SERVICE=n
CONFIG_BT_NIMBLE_TPS_SERVICE=n
CONFIG_BT_NIMBLE_IAS_SERVICE=n
CONFIG_BT_NIMBLE_LLS_SERVICE=n
CONFIG_BT_NIMBLE_SPS_SERVICE=y
CONFIG_BT_NIMBLE_HR_SERVICE=n
CONFIG_BT_NIMBLE_HID_SERVICE=n
CONFIG_BT_NIMBLE_BAS_SERVICE=n
CONFIG_BT_NIMBLE_DIS_SERVICE=n
CONFIG_ARDUINO_SELECTIVE_COMPILATION=y
CONFIG_ARDUINO_SELECTIVE_SPI=y
CONFIG_ARDUINO_SELECTIVE_Wire=y
CONFIG_ARDUINO_SELECTIVE_ESP_SR=n
CONFIG_ARDUINO_SELECTIVE_EEPROM=y
CONFIG_ARDUINO_SELECTIVE_Preferences=y
CONFIG_ARDUINO_SELECTIVE_Ticker=y
CONFIG_ARDUINO_SELECTIVE_Update=y
CONFIG_ARDUINO_SELECTIVE_Zigbee=n
CONFIG_ARDUINO_SELECTIVE_FS=y
CONFIG_ARDUINO_SELECTIVE_SD=y
CONFIG_ARDUINO_SELECTIVE_SD_MMC=y
CONFIG_ARDUINO_SELECTIVE_SPIFFS=y
CONFIG_ARDUINO_SELECTIVE_FFat=n
CONFIG_ARDUINO_SELECTIVE_LittleFS=y
CONFIG_ARDUINO_SELECTIVE_Network=y
CONFIG_ARDUINO_SELECTIVE_PPP=n
CONFIG_ARDUINO_SELECTIVE_Hash=y
CONFIG_ARDUINO_SELECTIVE_ArduinoOTA=n
CONFIG_ARDUINO_SELECTIVE_AsyncUDP=y
CONFIG_ARDUINO_SELECTIVE_DNSServer=n
CONFIG_ARDUINO_SELECTIVE_ESPmDNS=y
CONFIG_ARDUINO_SELECTIVE_HTTPClient=n
CONFIG_ARDUINO_SELECTIVE_Matter=n
CONFIG_ARDUINO_SELECTIVE_NetBIOS=n
CONFIG_ARDUINO_SELECTIVE_WebServer=n
CONFIG_ARDUINO_SELECTIVE_WiFi=y
CONFIG_ARDUINO_SELECTIVE_NetworkClientSecure=y
CONFIG_ARDUINO_SELECTIVE_WiFiProv=n
CONFIG_ARDUINO_SELECTIVE_BLE=y
CONFIG_ARDUINO_SELECTIVE_BluetoothSerial=n
CONFIG_ARDUINO_SELECTIVE_SimpleBLE=n
CONFIG_ARDUINO_SELECTIVE_RainMaker=n
CONFIG_ARDUINO_SELECTIVE_OpenThread=n
CONFIG_ARDUINO_SELECTIVE_Insights=n; lib_deps: https://github.com/meshtastic/esp8266-oled-ssd1306/archive/bb93fd40685f22e850330ea162f1dd154a4e0685.zip, https://github.com/meshtastic/OneButton/archive/fa352d668c53f290cfa480a5f79ad422cd828c70.zip, https://github.com/meshtastic/arduino-fsm/archive/7db3702bf0cfe97b783d6c72595e3f38e0b19159.zip, https://github.com/meshtastic/TinyGPSPlus/archive/71a82db35f3b973440044c476d4bcdc673b104f4.zip, https://github.com/meshtastic/ArduinoThread/archive/b841b0415721f1341ea41cccfb4adccfaf951567.zip, https://github.com/nanopb/nanopb/archive/0.4.92.zip, https://github.com/Erriez/ErriezCRC32/archive/refs/tags/1.0.1.zip, https://github.com/end2endzone/NonBlockingRTTTL/archive/refs/tags/1.4.0.zip, https://github.com/thingsboard/pubsubclient/archive/refs/tags/v2.12.1.zip, https://github.com/arduino-libraries/NTPClient/archive/refs/tags/3.2.1.zip, https://github.com/adafruit/Adafruit_BusIO/archive/refs/tags/1.17.4.zip, https://github.com/adafruit/Adafruit_Sensor/archive/refs/tags/1.1.15.zip, https://github.com/adafruit/Adafruit-GFX-Library/archive/refs/tags/1.12.6.zip, https://github.com/adafruit/Adafruit_NeoPixel/archive/1.15.5.zip, https://github.com/adafruit/Adafruit_SSD1306/archive/2.5.17.zip, https://github.com/adafruit/Adafruit_BMP280_Library/archive/refs/tags/3.0.0.zip, https://github.com/adafruit/Adafruit-BMP085-Library/archive/refs/tags/1.2.4.zip, https://github.com/adafruit/Adafruit_BME280_Library/archive/refs/tags/2.3.0.zip, https://github.com/adafruit/Adafruit_DPS310/archive/refs/tags/1.1.6.zip, https://github.com/adafruit/Adafruit_SH110x/archive/2.1.15.zip, https://github.com/adafruit/Adafruit_MCP9808_Library/archive/refs/tags/2.0.2.zip, https://github.com/adafruit/Adafruit_INA260/archive/refs/tags/1.5.3.zip, https://github.com/adafruit/Adafruit_INA219/archive/refs/tags/1.2.3.zip, https://github.com/adafruit/Adafruit_MPU6050/archive/refs/tags/2.2.9.zip, https://github.com/adafruit/Adafruit_LIS3DH/archive/refs/tags/1.3.0.zip, https://github.com/adafruit/Adafruit_AHTX0/archive/refs/tags/2.0.6.zip, https://github.com/adafruit/Adafruit_LSM6DS/archive/refs/tags/4.7.4.zip, https://github.com/adafruit/Adafruit_TSL2591_Library/archive/refs/tags/1.4.5.zip, https://github.com/EmotiBit/EmotiBit_MLX90632/archive/refs/tags/v1.0.8.zip, https://github.com/adafruit/Adafruit-MLX90614-Library/archive/refs/tags/2.1.6.zip, https://github.com/RobTillaart/INA3221_RT/archive/refs/tags/0.4.2.zip, https://github.com/mprograms/QMC5883LCompass/archive/refs/tags/v1.2.3.zip, https://github.com/DFRobot/DFRobot_RTU/archive/refs/tags/V1.0.6.zip, https://github.com/DFRobot/DFRobot_RainfallSensor/archive/38fea5e02b40a5430be6dab39a99a6f6347d667e.zip, https://github.com/sparkfun/SparkFun_AS3935_Lightning_Detector_Arduino_Library/archive/refs/tags/v1.4.9.zip, https://github.com/RobTillaart/INA226/archive/refs/tags/0.6.6.zip, https://github.com/sparkfun/SparkFun_MAX3010x_Sensor_Library/archive/refs/tags/v1.1.2.zip, https://github.com/sparkfun/SparkFun_ICM-20948_ArduinoLibrary/archive/refs/tags/v1.3.2.zip, https://github.com/tdk-invn-oss/motion.arduino.ICM42670P/archive/refs/tags/1.0.8.zip, https://github.com/adafruit/Adafruit_LTR390/archive/refs/tags/1.1.2.zip, https://github.com/adafruit/Adafruit_PCT2075/archive/1.3.1.zip, https://github.com/DFRobot/DFRobot_BMM150/archive/refs/tags/V1.0.0.zip, https://github.com/sparkfun/SparkFun_MMC5983MA_Magnetometer_Arduino_Library/archive/v1.1.5.zip, https://github.com/adafruit/Adafruit_TSL2561/archive/refs/tags/1.1.3.zip, https://github.com/wollewald/BH1750_WE/archive/refs/tags/1.1.10.zip, https://github.com/meshtastic/Fusion/archive/936e1eb1e5ea19e8f4ed467526f91adeebb4f53c.zip, https://github.com/Sensirion/arduino-core/archive/refs/tags/0.7.3.zip, https://github.com/Sensirion/arduino-i2c-scd4x/archive/refs/tags/1.1.0.zip, https://github.com/Sensirion/arduino-i2c-sfa3x/archive/refs/tags/1.0.0.zip, https://github.com/Sensirion/arduino-i2c-scd30/archive/1.1.1.zip, https://github.com/Sensirion/arduino-sht/archive/refs/tags/v1.2.6.zip, https://github.com/adafruit/Adafruit_SPA06_003/archive/refs/tags/1.0.2.zip, https://github.com/meshtastic/Seeed_PM2_5_sensor_HM3301/archive/2704ca254c7e2136c52ac23198dd05f5ba1e2f04.zip, https://github.com/adafruit/Adafruit_BMP3XX/archive/refs/tags/2.1.6.zip, https://github.com/adafruit/Adafruit_MAX1704X/archive/refs/tags/1.0.3.zip, https://github.com/adafruit/Adafruit_LPS2X/archive/refs/tags/2.0.6.zip, https://github.com/adafruit/Adafruit_VEML7700/archive/refs/tags/2.1.6.zip, https://github.com/sparkfun/SparkFun_Qwiic_Scale_NAU7802_Arduino_Library/archive/refs/tags/v1.0.6.zip, closedcube/ClosedCube OPT3001@1.1.2, https://github.com/meshtastic/DFRobot_LarkWeatherStation/archive/4de3a9cadef0f6a5220a8a906cf9775b02b0040d.zip, https://github.com/Sensirion/arduino-core/archive/refs/tags/0.7.3.zip, https://github.com/Sensirion/arduino-i2c-scd4x/archive/refs/tags/1.1.0.zip, https://github.com/Sensirion/arduino-i2c-sfa3x/archive/refs/tags/1.0.0.zip, https://github.com/Sensirion/arduino-i2c-scd30/archive/1.1.1.zip, https://github.com/Sensirion/arduino-sht/archive/refs/tags/v1.2.6.zip, https://github.com/adafruit/Adafruit_ADS1X15/archive/refs/tags/2.6.2.zip, https://github.com/adafruit/Adafruit_DS248x/archive/refs/tags/1.2.0.zip, https://github.com/adafruit/Adafruit_BME680/archive/refs/tags/2.0.6.zip, https://github.com/jgromes/RadioLib/archive/510e00cfb05bbc3c2b7b524262785454944adb6e.zip, https://github.com/meshtastic/esp32_https_server/archive/0c71f380390ad483ff134ad938e07f6cf1226c5b.zip, https://github.com/mverch67/libpax/archive/6f52ee989301cdabaeef00bcbf93bff55708ce2f.zip, lewisxhe/XPowersLib@0.3.3, https://github.com/meshtastic/Crypto/archive/591ff9a690e8168ccb7a36abde8d7783e448d395.zip, https://github.com/meshtastic/ESP32_Codec2/archive/633326c78ac251c059ab3a8c430fcdf25b41672f.zip; custom_mtjson_part: ; platform: 
https://github.com/meshtastic/pioarduino-platform-espressif32/archive/refs/heads/55.03.311.zip; platform_packages: platformio/tool-mklittlefs@1.203.210628; extra_scripts: pre:bin/platformio-pre.py, pre:bin/optional-modules.py, bin/platformio-custom.py, post:extra_scripts/nrf54l15_linker.py, pre:extra_scripts/esp32_pre.py, extra_scripts/esp32_extra.py, extra_scripts/ld_response_file.py; build_src_filter: +<*> -<.git/> -<.svn/> -<platform/> +<platform/extra_variants/> -<graphics/niche/> -<graphics/eink/> +<platform/esp32/> -<mesh/eth/> -<mesh/raspihttp>; upload_speed: 921600; debug_init_break: tbreak setup; monitor_filters: esp32_exception_decoder; board_build.filesystem: littlefs; build_unflags: -fno-lto, -std=c++11, -std=gnu++11; lib_ignore: segger_rtt, NimBLE-Arduino, BluetoothSerial, SimpleBLE, WiFiProv, ArduinoOTA, ESP_I2S, ESP_NOW, ESP_SR, Insights, Matter, OpenThread, RainMaker, USB, Zigbee, Micro-RTSP, mqtt, esp-mqtt; custom_component_remove: 
espressif/esp_hosted
espressif/esp_wifi_remote
espressif/esp_modem
espressif/esp-dsp
espressif/esp32-camera
espressif/libsodium
espressif/esp-modbus
espressif/qrcode
espressif/esp_insights
espressif/esp_diag_data_store
espressif/esp_diagnostics
espressif/esp_rainmaker
espressif/rmaker_common
chmorgan/esp-libhelix-mp3
espressif/esp-tflite-micro
espressif/esp-sr
espressif/esp_matter
espressif/esp-zboss-lib
espressif/esp-zigbee-lib
espressif/mqtt; framework: arduino; test_build_src: True; check_tool: cppcheck; check_skip_packages: True; check_flags: -DAPP_VERSION=1.0.0, -DPROGMEM=, --suppressions-list=suppressions.txt, --inline-suppr)
--------------------------------------------------------------------------------
Platform Manager: Removing espressif32 @ 55.3.311
Platform Manager: espressif32@55.3.311 has been removed!
IncompatiblePlatform: Development platform 'espressif32' is not compatible with PlatformIO Core v6.1.18 and depends on PlatformIO Core >=6.1.19.

